Skipped namespace: CSS
Skipped includes statement: Mixin 'GlobalEventHandlers' not found
Skipped includes statement: Mixin 'SVGElementInstance' not found
Skipped includes statement: Mixin 'HTMLOrSVGElement' not found
Skipped includes statement: Mixin 'SVGTests' not found
Skipped includes statement: Mixin 'SVGFitToViewBox' not found
Skipped includes statement: Mixin 'WindowEventHandlers' not found
Skipped includes statement: Mixin 'SVGFitToViewBox' not found
Skipped includes statement: Mixin 'SVGURIReference' not found
Skipped includes statement: Mixin 'LinkStyle' not found
Skipped includes statement: Mixin 'SVGAnimatedPoints' not found
Skipped includes statement: Mixin 'SVGAnimatedPoints' not found
Skipped includes statement: Mixin 'SVGURIReference' not found
Skipped includes statement: Mixin 'SVGURIReference' not found
Skipped includes statement: Mixin 'SVGFitToViewBox' not found
Skipped includes statement: Mixin 'SVGURIReference' not found
Skipped includes statement: Mixin 'SVGFitToViewBox' not found
Skipped includes statement: Mixin 'SVGURIReference' not found
Skipped includes statement: Mixin 'SVGURIReference' not found
Skipped includes statement: Mixin 'SVGURIReference' not found
Skipped includes statement: Mixin 'SVGFitToViewBox' not found
Skipped includes statement: Mixin 'NonElementParentNode' not found
Skipped includes statement: Mixin 'NonElementParentNode' not found
Skipped includes statement: Mixin 'DocumentOrShadowRoot' not found
Skipped includes statement: Mixin 'DocumentOrShadowRoot' not found
Skipped includes statement: Mixin 'ParentNode' not found
Skipped includes statement: Mixin 'ParentNode' not found
Skipped includes statement: Mixin 'ParentNode' not found
Skipped includes statement: Mixin 'NonDocumentTypeChildNode' not found
Skipped includes statement: Mixin 'NonDocumentTypeChildNode' not found
Skipped includes statement: Mixin 'ChildNode' not found
Skipped includes statement: Mixin 'ChildNode' not found
Skipped includes statement: Mixin 'ChildNode' not found
Skipped includes statement: Mixin 'Slottable' not found
Skipped includes statement: Mixin 'Slottable' not found
Skipped includes statement: Mixin 'XPathEvaluatorBase' not found
Skipped includes statement: Mixin 'XPathEvaluatorBase' not found
Skipped includes statement: Mixin 'GlobalEventHandlers' not found
Skipped includes statement: Mixin 'GlobalEventHandlers' not found
Skipped includes statement: Mixin 'ElementContentEditable' not found
Skipped includes statement: Mixin 'HTMLOrSVGElement' not found
Skipped includes statement: Mixin 'LinkStyle' not found
Skipped includes statement: Mixin 'LinkStyle' not found
Skipped includes statement: Mixin 'WindowEventHandlers' not found
Skipped includes statement: Mixin 'HTMLHyperlinkElementUtils' not found
Skipped includes statement: Mixin 'HTMLHyperlinkElementUtils' not found
Skipped includes statement: Mixin 'PopoverTargetAttributes' not found
Skipped includes statement: Mixin 'PopoverTargetAttributes' not found
Skipped includes statement: Mixin 'CanvasSettings' not found
Skipped includes statement: Mixin 'CanvasState' not found
Skipped includes statement: Mixin 'CanvasTransform' not found
Skipped includes statement: Mixin 'CanvasCompositing' not found
Skipped includes statement: Mixin 'CanvasImageSmoothing' not found
Skipped includes statement: Mixin 'CanvasFillStrokeStyles' not found
Skipped includes statement: Mixin 'CanvasShadowStyles' not found
Skipped includes statement: Mixin 'CanvasFilters' not found
Skipped includes statement: Mixin 'CanvasRect' not found
Skipped includes statement: Mixin 'CanvasDrawPath' not found
Skipped includes statement: Mixin 'CanvasUserInterface' not found
Skipped includes statement: Mixin 'CanvasText' not found
Skipped includes statement: Mixin 'CanvasDrawImage' not found
Skipped includes statement: Mixin 'CanvasImageData' not found
Skipped includes statement: Mixin 'CanvasPathDrawingStyles' not found
Skipped includes statement: Mixin 'CanvasTextDrawingStyles' not found
Skipped includes statement: Mixin 'CanvasPath' not found
Skipped includes statement: Mixin 'CanvasPath' not found
Skipped includes statement: Mixin 'CanvasSettings' not found
Skipped includes statement: Mixin 'CanvasState' not found
Skipped includes statement: Mixin 'CanvasTransform' not found
Skipped includes statement: Mixin 'CanvasCompositing' not found
Skipped includes statement: Mixin 'CanvasImageSmoothing' not found
Skipped includes statement: Mixin 'CanvasFillStrokeStyles' not found
Skipped includes statement: Mixin 'CanvasShadowStyles' not found
Skipped includes statement: Mixin 'CanvasFilters' not found
Skipped includes statement: Mixin 'CanvasRect' not found
Skipped includes statement: Mixin 'CanvasDrawPath' not found
Skipped includes statement: Mixin 'CanvasText' not found
Skipped includes statement: Mixin 'CanvasDrawImage' not found
Skipped includes statement: Mixin 'CanvasImageData' not found
Skipped includes statement: Mixin 'CanvasPathDrawingStyles' not found
Skipped includes statement: Mixin 'CanvasTextDrawingStyles' not found
Skipped includes statement: Mixin 'CanvasPath' not found
Skipped includes statement: Mixin 'ARIAMixin' not found
Skipped includes statement: Mixin 'GlobalEventHandlers' not found
Skipped includes statement: Mixin 'WindowEventHandlers' not found
Skipped includes statement: Mixin 'WindowOrWorkerGlobalScope' not found
Skipped includes statement: Mixin 'WindowOrWorkerGlobalScope' not found
Skipped includes statement: Mixin 'NavigatorID' not found
Skipped includes statement: Mixin 'NavigatorLanguage' not found
Skipped includes statement: Mixin 'NavigatorOnLine' not found
Skipped includes statement: Mixin 'NavigatorContentUtils' not found
Skipped includes statement: Mixin 'NavigatorCookies' not found
Skipped includes statement: Mixin 'NavigatorPlugins' not found
Skipped includes statement: Mixin 'NavigatorConcurrentHardware' not found
Skipped includes statement: Mixin 'AnimationFrameProvider' not found
Skipped includes statement: Mixin 'AnimationFrameProvider' not found
Skipped includes statement: Mixin 'MessageEventTarget' not found
Skipped includes statement: Mixin 'MessageEventTarget' not found
Skipped includes statement: Mixin 'AbstractWorker' not found
Skipped includes statement: Mixin 'MessageEventTarget' not found
Skipped includes statement: Mixin 'AbstractWorker' not found
Skipped includes statement: Mixin 'NavigatorID' not found
Skipped includes statement: Mixin 'NavigatorLanguage' not found
Skipped includes statement: Mixin 'NavigatorOnLine' not found
Skipped includes statement: Mixin 'NavigatorConcurrentHardware' not found
Skipped includes statement: Mixin 'WindowSessionStorage' not found
Skipped includes statement: Mixin 'WindowLocalStorage' not found
Skipped includes statement: Mixin 'WindowEventHandlers' not found
Skipped includes statement: Mixin 'LinkStyle' not found
Skipped includes statement: Mixin 'ElementCSSInlineStyle' not found
Skipped includes statement: Mixin 'ElementCSSInlineStyle' not found
Skipped includes statement: Mixin 'ElementCSSInlineStyle' not found
Skipped includes statement: Mixin 'GeometryUtils' not found
Skipped includes statement: Mixin 'GeometryUtils' not found
Skipped includes statement: Mixin 'GeometryUtils' not found
Skipped includes statement: Mixin 'GeometryUtils' not found